// Jest Snapshot v1, https://goo.gl/fbAQLP

exports[`Assignments component renders a Assignments 1`] = `
<ul>
  <Styled(styled.li)
    key="1234-undefined"
  >
    <DayItem
      _id="1234"
      classDate="2012-10-15T21:26:17Z"
      dateDue="2012-10-15T21:26:17Z"
      submitted={false}
      title="Ass 1"
      type="mob"
    />
  </Styled(styled.li)>
  <Styled(styled.li)
    key="1234-undefined"
  >
    <DayItem
      _id="1234"
      classDate="2012-10-15T21:26:17Z"
      dateDue="2012-10-15T21:26:17Z"
      submitted={true}
      title="Ass 11"
      type="mob"
    />
  </Styled(styled.li)>
  <Styled(styled.li)
    key="3456-undefined"
  >
    <DayItem
      _id="3456"
      classDate="2012-10-15T21:26:17Z"
      dateDue="2012-10-15T21:26:17Z"
      submitted={false}
      title="Ass 12"
      type="solo"
    />
  </Styled(styled.li)>
  <Styled(styled.li)
    key="456-undefined"
  >
    <DayItem
      _id="456"
      classDate="2012-10-15T21:26:17Z"
      dateDue="2012-10-15T21:26:17Z"
      submitted={true}
      title="Ass 13"
      type="reading"
    />
  </Styled(styled.li)>
</ul>
`;
