// Jest Snapshot v1, https://goo.gl/fbAQLP

exports[`Assignments component renders a Assignments 1`] = `
<ul>
  <Styled(styled.li)
    key="undefined-undefined"
  >
    <DayItem
      submitted={false}
      title="Ass 1"
    />
  </Styled(styled.li)>
  <Styled(styled.li)
    key="undefined-undefined"
  >
    <DayItem
      submitted={true}
      title="Ass 11"
    />
  </Styled(styled.li)>
  <Styled(styled.li)
    key="undefined-undefined"
  >
    <DayItem
      submitted={false}
      title="Ass 12"
    />
  </Styled(styled.li)>
  <Styled(styled.li)
    key="undefined-undefined"
  >
    <DayItem
      submitted={true}
      title="Ass 13"
    />
  </Styled(styled.li)>
</ul>
`;
